2026-09-23 14:42:26 0 [Note] Starting MariaDB 11.8.6-MariaDB-0+deb13u1 from Debian source revision 9bfea48ce1214cc4470f6f6f8a4e30352cef84e7 server_uid ctikQDttsHhYTQ5dKDxvBlGEL/s= as process 8394
2026-09-23 14:42:26 0 [Note] InnoDB: Compressed tables use zlib 1.3.1
2026-09-23 14:42:26 0 [Note] InnoDB: Using transactional memory
2026-09-23 14:42:26 0 [Note] InnoDB: Number of transaction pools: 1
2026-09-23 14:42:26 0 [Note] InnoDB: Using AVX512 instructions
2026-09-23 14:42:26 0 [Note] mariadbd: O_TMPFILE is not supported on /tmp (disabling future attempts)
2026-09-23 14:42:26 0 [Note] InnoDB: Using io_uring
2026-09-23 14:42:26 0 [Note] InnoDB: innodb_buffer_pool_size_max=128m, innodb_buffer_pool_size=128m
2026-09-23 14:42:26 0 [Note] InnoDB: Completed initialization of buffer pool
2026-09-23 14:42:26 0 [Note] InnoDB: Buffered log writes (block size=512 bytes)
2026-09-23 14:42:26 0 [Note] InnoDB: End of log at LSN=45125
2026-09-23 14:42:26 0 [Note] InnoDB: Opened 3 undo tablespaces
2026-09-23 14:42:26 0 [Note] InnoDB: 128 rollback segments in 3 undo tablespaces are active.
2026-09-23 14:42:26 0 [Note] InnoDB: Setting file './ibtmp1' size to 12.000MiB. Physically writing the file full; Please wait ...
2026-09-23 14:42:26 0 [Note] InnoDB: File './ibtmp1' size is now 12.000MiB.
2026-09-23 14:42:26 0 [Note] InnoDB: log sequence number 45125; transaction id 14
2026-09-23 14:42:26 0 [Note] InnoDB: Loading buffer pool(s) from /home/z/my-project/mariadb-user/root/data/ib_buffer_pool
2026-09-23 14:42:26 0 [Note] Plugin 'FEEDBACK' is disabled.
2026-09-23 14:42:26 0 [Note] Plugin 'wsrep-provider' is disabled.
2026-09-23 14:42:26 0 [ERROR] ./root/usr/sbin/mariadbd: unknown option '--daemonize'
2026-09-23 14:42:26 0 [ERROR] Aborting
2026-09-23 14:42:37 0 [Note] Starting MariaDB 11.8.6-MariaDB-0+deb13u1 from Debian source revision 9bfea48ce1214cc4470f6f6f8a4e30352cef84e7 server_uid ctikQDttsHhYTQ5dKDxvBlGEL/s= as process 8426
2026-09-23 14:42:37 0 [Note] InnoDB: Compressed tables use zlib 1.3.1
2026-09-23 14:42:37 0 [Note] InnoDB: Using transactional memory
2026-09-23 14:42:37 0 [Note] InnoDB: Number of transaction pools: 1
2026-09-23 14:42:37 0 [Note] InnoDB: Using AVX512 instructions
2026-09-23 14:42:37 0 [Note] mariadbd: O_TMPFILE is not supported on /tmp (disabling future attempts)
2026-09-23 14:42:37 0 [Note] InnoDB: Using io_uring
2026-09-23 14:42:37 0 [Note] InnoDB: innodb_buffer_pool_size_max=128m, innodb_buffer_pool_size=128m
2026-09-23 14:42:37 0 [Note] InnoDB: Completed initialization of buffer pool
2026-09-23 14:42:37 0 [Note] InnoDB: Buffered log writes (block size=512 bytes)
2026-09-23 14:42:37 0 [Note] InnoDB: End of log at LSN=45125
2026-09-23 14:42:37 0 [Note] InnoDB: Opened 3 undo tablespaces
2026-09-23 14:42:37 0 [Note] InnoDB: 128 rollback segments in 3 undo tablespaces are active.
2026-09-23 14:42:37 0 [Note] InnoDB: Setting file './ibtmp1' size to 12.000MiB. Physically writing the file full; Please wait ...
2026-09-23 14:42:37 0 [Note] InnoDB: File './ibtmp1' size is now 12.000MiB.
2026-09-23 14:42:37 0 [Note] InnoDB: log sequence number 45125; transaction id 14
2026-09-23 14:42:37 0 [Note] InnoDB: Loading buffer pool(s) from /home/z/my-project/mariadb-user/root/data/ib_buffer_pool
2026-09-23 14:42:37 0 [Note] Plugin 'FEEDBACK' is disabled.
2026-09-23 14:42:37 0 [Note] Plugin 'wsrep-provider' is disabled.
2026-09-23 14:42:37 0 [Note] InnoDB: Buffer pool(s) load completed at 260923 14:42:37
2026-09-23 14:42:38 0 [Note] Server socket created on IP: '127.0.0.1', port: '3306'.
2026-09-23 14:42:38 0 [Note] mariadbd: Event Scheduler: Loaded 0 events
2026-09-23 14:42:38 0 [Note] ./root/usr/sbin/mariadbd: ready for connections.
Version: '11.8.6-MariaDB-0+deb13u1 from Debian'  socket: '/home/z/my-project/mariadb-user/mysql.sock'  port: 3306  -- Please help get to 10k stars at https://github.com/MariaDB/Server
